***** External Functions *****
1    AddFolderIcon                                      isrt.obl(Shell.obs)
2    AdminAskPath                                       isrt.obl(ISRTScriptDialogs.obs)
3    AllFeaturesDeselected                              iswi.obl(CompHelperFuncs.obs)
4    CHECK_RETURN                                       iswi.obl(ErrHandler.obs)
5    ChangeDirectory                                    isrt.obl(Files.obs)
6    CloseFile                                          isrt.obl(Files.obs)
7    CmdGetHwndDlg                                      isrt.obl(CustomDialog.obs)
8    ComponentCompareSizeRequired                       isrt.obl(component.obs)
9    ComponentErrorInfo                                 isrt.obl(component.obs)
10   ComponentGetData                                   isrt.obl(component.obs)
11   ComponentGetTotalCost                              isrt.obl(component.obs)
12   ComponentIsItemSelected                            isrt.obl(component.obs)
13   ComponentListItems                                 isrt.obl(component.obs)
14   ComponentReinstall                                 isrt.obl(component.obs)
15   ComponentRemoveAll                                 isrt.obl(component.obs)
16   ComponentSaveTarget                                isrt.obl(component.obs)
17   ComponentSelectItem                                isrt.obl(component.obs)
18   ComponentTransferData                              isrt.obl(component.obs)
19   ComponentTreeInit                                  isrt.obl(Dialogs.obs)
20   CreateDir                                          isrt.obl(Files.obs)
21   CreateFile                                         isrt.obl(Files.obs)
22   CreateInstallationInfo                             isrt.obl(Registry.obs)
23   CreateShortcut                                     isrt.obl(Shell.obs)
24   CtrlGetDlgItem                                     isrt.obl(CustomDialog.obs)
25   CtrlGetNotificationCode                            isrt.obl(CustomDialog.obs)
26   CtrlGetState                                       isrt.obl(CustomDialog.obs)
27   CtrlGetSubCommand                                  isrt.obl(CustomDialog.obs)
28   CtrlGetText                                        isrt.obl(CustomDialog.obs)
29   CtrlSelectText                                     isrt.obl(CustomDialog.obs)
30   CtrlSetList                                        isrt.obl(CustomDialog.obs)
31   CtrlSetState                                       isrt.obl(CustomDialog.obs)
32   CtrlSetText                                        isrt.obl(CustomDialog.obs)
33   DefineDialog                                       isrt.obl(CustomDialog.obs)
34   DeleteFile                                         isrt.obl(Files.obs)
35   DeleteSingleFile                                   isrt.obl(Files.obs)
36   DialogSetDefaultFont                               isrt.obl(Dialogs.obs)
37   DialogSetFont                                      isrt.obl(Dialogs.obs)
38   DialogSetInfo                                      isrt.obl(Dialogs.obs)
39   Disable                                            isrt.obl(Enable.obs)
40   DllSizeOf                                          isrt.obl(Str.obs)
41   Do                                                 isrt.obl(Misc.obs)
42   Enable                                             isrt.obl(Enable.obs)
43   EndCurrentDialog                                   isrt.obl(Dialogs.obs)
44   EndDialog                                          isrt.obl(CustomDialog.obs)
45   ExistsDir                                          isrt.obl(Files.obs)
46   EzDefineDialog                                     isrt.obl(CustomDialog.obs)
47   FeatureCompareSizeRequired                         iswi.obl(FeatureConv.obs)
48   FeatureErrorInfo                                   iswi.obl(ComponentConv.obs)
49   FeatureFilterLanguage                              iswi.obl(FeatureConv.obs)
50   FeatureFilterOS                                    iswi.obl(FeatureConv.obs)
51   FeatureGetData                                     iswi.obl(ComponentConv.obs)
52   FeatureGetTotalCost                                iswi.obl(FeatureConv.obs)
53   FeatureIsItemSelected                              iswi.obl(ComponentConv.obs)
54   FeatureListItems                                   iswi.obl(ComponentConv.obs)
55   FeatureReinstall                                   iswi.obl(ComponentConv.obs)
56   FeatureRemoveAll                                   iswi.obl(ComponentConv.obs)
57   FeatureSaveTarget                                  iswi.obl(FeatureConv.obs)
58   FeatureSelectItem                                  iswi.obl(ComponentConv.obs)
59   FeatureSetupTypeSet                                iswi.obl(ComponentConv.obs)
60   FeatureStandardSetupTypeSet                        iswi.obl(FeatureConv.obs)
61   FeatureTransferData                                iswi.obl(ComponentConv.obs)
62   FeaturesInstalled                                  iswi.obl(FileTransferFuncsConv.obs)
63   FeaturesInstalling                                 iswi.obl(FileTransferFuncsConv.obs)
64   FillLists                                          isrt.obl(ISRTScriptDialogs.obs)
65   FindFile                                           isrt.obl(Files.obs)
66   FormatMessage                                      isrt.obl(Misc.obs)
67   GDI32.CreateRectRgn                                Setup.obs
68   GDI32.GetDeviceCaps                                Setup.obs
69   GeneratedMSIScript                                 iswi.obl(FileTransferFuncsConv.obs)
70   GeneratingMSIScript                                iswi.obl(FileTransferFuncsConv.obs)
71   GetBasicMSI                                        isrt.obl(SysVars.obs)
72   GetBillboard                                       isrt.obl(SysVars.obs)
73   GetCompItemList                                    iswi.obl(CompHelperFuncs.obs)
74   GetComponentsFeatures                              iswi.obl(CompHelperFuncs.obs)
75   GetCurrentDialogName                               isrt.obl(Dialogs.obs)
76   GetCurrentDir                                      isrt.obl(Files.obs)
77   GetDialogTitle                                     isrt.obl(Dialogs.obs)
78   GetDir                                             isrt.obl(Str.obs)
79   GetDisk                                            isrt.obl(Str.obs)
80   GetDiskSpace                                       isrt.obl(GSI.obs)
81   GetDiskSpaceEx                                     isrt.obl(GSI.obs)
82   GetEnabledIServices                                isrt.obl(SysVars.obs)
83   GetExtents                                         isrt.obl(GSI.obs)
84   GetFolderApplications                              isrt.obl(SysVars.obs)
85   GetFolderApplications64                            isrt.obl(SysVars.obs)
86   GetFolderDotNet10                                  isrt.obl(SysVars.obs)
87   GetFolderDotNet11                                  isrt.obl(SysVars.obs)
88   GetFolderDotNet20                                  isrt.obl(SysVars.obs)
89   GetFolderPrograms                                  isrt.obl(SysVars.obs)
90   GetISRes                                           isrt.obl(SysVars.obs)
91   GetInstallScriptMSIEEUI                            isrt.obl(SysVars.obs)
92   GetKeyPathWinCurrVerAuto                           isrt.obl(SysVars.obs)
93   GetMSIFeatureName                                  iswi.obl(CompHelperFuncs.obs)
94   GetMaintenance                                     iswi.obl(ISWiInit.obs)
95   GetMsiFeaturePath                                  iswi.obl(CompHelperFuncs.obs)
96   GetMsiNameFromAliasTable                           iswi.obl(CompHelperFuncs.obs)
97   GetOpenFileMode                                    isrt.obl(Files.obs)
98   GetPackageLocation                                 isrt.obl(SysVars.obs)
99   GetPlatformList                                    iswi.obl(CompHelperFuncs.obs)
100  GetProductGUID                                     iswi.obl(ISWiInit.obs)
101  GetProfSectionKeyCount                             isrt.obl(Profile.obs)
102  GetProfString                                      isrt.obl(Profile.obs)
103  GetProfStringList                                  isrt.obl(Profile.obs)
104  GetReinstallMode                                   isrt.obl(SysVars.obs)
105  GetRemoveAllMode                                   isrt.obl(SysVars.obs)
106  GetRemoveOnly                                      isrt.obl(SysVars.obs)
107  GetSelectedTreeComponent                           isrt.obl(CmptView.obs)
108  GetStandardSelectedLanguage                        isrt.obl(SysVars.obs)
109  GetSuiteHosted                                     isrt.obl(SysVars.obs)
110  GetSupportDir                                      isrt.obl(SysVars.obs)
111  GetSystemInfo                                      isrt.obl(GSI.obs)
112  GetTempFolder                                      isrt.obl(SysVars.obs)
113  GetUserSelectableAuto                              isrt.obl(SysVars.obs)
114  GetValidDrivesList                                 isrt.obl(GSI.obs)
115  GetWinDir                                          isrt.obl(SysVars.obs)
116  GetWinSysDir                                       isrt.obl(SysVars.obs)
117  GetWindowHandle                                    iswi.obl(MiscConv.obs)
118  HIWORD                                             isrt.obl(Misc.obs)
119  ISDeterminePlatform                                isrt.obl(OsInfo.obs)
120  ISMIF32.InstallStatusMIF                           isrt.obl(MIF.obs)
121  ISRT.AddIcon                                       isrt.obl(Shell.obs)
122  ISRT.ComponentViewSetInfoEx                        isrt.obl(Dialogs.obs)
123  ISRT.EnableHourGlass                               isrt.obl(Enable.obs)
124  ISRT.GetCPUType                                    isrt.obl(GSI.obs)
125  ISRT.GetFontSub                                    isrt.obl(Dialogs.obs)
126  ISRT.GetHandle                                     Setup.obs
127  ISRT.GetPorts                                      isrt.obl(GSI.obs)
128  ISRT.IsEmpty                                       Setup.obs
129  ISRT.IsNTAdmin                                     isrt.obl(Is.obs)
130  ISRT.IsObject                                      Setup.obs
131  ISRT.IsPowerUser                                   isrt.obl(Is.obs)
132  ISRT.LangLoadString                                isrt.obl(SDINT.obs)
133  ISRT.MessageBeepP                                  Setup.obs
134  ISRT.PathGetDir                                    isrt.obl(Str.obs)
135  ISRT.PathGetDrive                                  isrt.obl(Str.obs)
136  ISRT.PathGetFile                                   isrt.obl(Files.obs)
137  ISRT.PathGetFileExt                                isrt.obl(Str.obs)
138  ISRT.PathGetFileName                               isrt.obl(Str.obs)
139  ISRT.PathGetLongFromShort                          isrt.obl(Str.obs)
140  ISRT.PathGetPath                                   isrt.obl(Str.obs)
141  ISRT.PathIsValidSyntax                             isrt.obl(Is.obs)
142  ISRT.VerGetFileVersion                             Setup.obs
143  ISRT._BrowseForFolder                              isrt.obl(ISRTScriptDialogsPriv.obs)
144  ISRT._CloseFile                                    isrt.obl(Files.obs)
145  ISRT._CmdGetHwndDlg                                isrt.obl(CustomDialog.obs)
146  ISRT._CompareDWORD                                 isrt.obl(Extend.obs)
147  ISRT._ComponentCompareSizeRequired                 iswi.obl(FeatureConv.obs)
148  ISRT._ComponentFilterLanguage                      iswi.obl(FeatureConv.obs)
149  ISRT._ComponentFilterOS                            iswi.obl(FeatureConv.obs)
150  ISRT._ComponentGetTotalCost                        iswi.obl(FeatureConv.obs)
151  ISRT._ComponentGetTotalCostEx                      Setup.obs
152  ISRT._ComponentSaveTarget                          iswi.obl(FeatureConv.obs)
153  ISRT._CreateDir                                    isrt.obl(Files.obs)
154  ISRT._CtrlGetNotificationCode                      isrt.obl(CustomDialog.obs)
155  ISRT._CtrlGetParentWindowHelper                    iswi.obl(MiscConv.obs)
156  ISRT._CtrlGetSubCommand                            isrt.obl(CustomDialog.obs)
157  ISRT._CtrlSetHtmlContent                           isrt.obl(CustomDialog.obs)
158  ISRT._DefineDialog                                 isrt.obl(CustomDialog.obs)
159  ISRT._DialogSetFont                                isrt.obl(Dialogs.obs)
160  ISRT._DisableStatus                                isrt.obl(Enable.obs)
161  ISRT._DoSprintf                                    iswi.obl(HelperFuncs.obs)
162  ISRT._EnableDialogCache                            isrt.obl(Enable.obs)
163  ISRT._EnablePrevDialog                             Setup.obs
164  ISRT._EnableSkins                                  isrt.obl(Enable.obs)
165  ISRT._EnableStatus                                 isrt.obl(Enable.obs)
166  ISRT._EnableWow64FsRedirection                     isrt.obl(Enable.obs)
167  ISRT._EndDialog                                    isrt.obl(CustomDialog.obs)
168  ISRT._ExistsDir                                    isrt.obl(Files.obs)
169  ISRT._ExistsFile                                   isrt.obl(Files.obs)
170  ISRT._FloatingPointOperation                       Setup.obs
171  ISRT._GetCurrentDialogName                         isrt.obl(Dialogs.obs)
172  ISRT._GetDiskSpaceEx                               isrt.obl(GSI.obs)
173  ISRT._GetDiskSpaceExEx                             Setup.obs
174  ISRT._GetGlobalMemorySize                          isrt.obl(GSI.obs)
175  ISRT._GetProcessorInfo                             isrt.obl(OsInfo.obs)
176  ISRT._GetRunningChildProcessEx2                    isrt.obl(Extend.obs)
177  ISRT._GetSelectedTreeComponent                     isrt.obl(CmptView.obs)
178  ISRT._GetStandardLangId                            isrt.obl(Misc.obs)
179  ISRT._GetSupportDir                                isrt.obl(SysVars.obs)
180  ISRT._GetSystemDpi                                 isrt.obl(GSI.obs)
181  ISRT._GetVirtualMachineType                        isrt.obl(GSI.obs)
182  ISRT._IsFontTypefaceNameAvailable                  isrt.obl(Is.obs)
183  ISRT._IsInAdminGroup                               isrt.obl(Is.obs)
184  ISRT._IsLangSupported                              isrt.obl(Is.obs)
185  ISRT._IsSkinLoaded                                 isrt.obl(Is.obs)
186  ISRT._IsVirtualMachine                             isrt.obl(OsInfo.obs)
187  ISRT._IsWindowsME                                  isrt.obl(GSI.obs)
188  ISRT._IsWow64                                      isrt.obl(OsInfo.obs)
189  ISRT._ListAddItem                                  isrt.obl(scrlist.obs)
190  ISRT._ListAddString                                isrt.obl(scrlist.obs)
191  ISRT._ListCount                                    isrt.obl(scrlist.obs)
192  ISRT._ListCreate                                   isrt.obl(scrlist.obs)
193  ISRT._ListCurrentString                            isrt.obl(scrlist.obs)
194  ISRT._ListDeleteItem                               isrt.obl(scrlist.obs)
195  ISRT._ListDeleteString                             isrt.obl(scrlist.obs)
196  ISRT._ListDestroy                                  isrt.obl(scrlist.obs)
197  ISRT._ListFindItem                                 isrt.obl(scrlist.obs)
198  ISRT._ListFindString                               isrt.obl(scrlist.obs)
199  ISRT._ListGetFirstItem                             isrt.obl(scrlist.obs)
200  ISRT._ListGetFirstString                           isrt.obl(scrlist.obs)
201  ISRT._ListGetNextItem                              isrt.obl(scrlist.obs)
202  ISRT._ListGetNextString                            isrt.obl(scrlist.obs)
203  ISRT._ListGetType                                  isrt.obl(scrlist.obs)
204  ISRT._ListSetIndex                                 isrt.obl(scrlist.obs)
205  ISRT._MediaGetFilteringInfo                        iswi.obl(FeatureConv.obs)
206  ISRT._MediaGetInfo                                 iswi.obl(FeatureConv.obs)
207  ISRT._OpenFile                                     isrt.obl(Files.obs)
208  ISRT._Preprogram                                   Setup.obs
209  ISRT._RegCreateKey                                 isrt.obl(Registry.obs)
210  ISRT._RegEnableTextSubs                            isrt.obl(Enable.obs)
211  ISRT._RegEnum                                      isrt.obl(Registry.obs)
212  ISRT._RegGetOptions                                isrt.obl(SysVars.obs)
213  ISRT._RegIsRemoteRegConnected                      isrt.obl(Is.obs)
214  ISRT._RegQueryKeyBinaryValue                       isrt.obl(Registry.obs)
215  ISRT._RegQueryKeyValue                             isrt.obl(Registry.obs)
216  ISRT._RegSetOptions                                isrt.obl(SysVars.obs)
217  ISRT._ReleaseDialog                                isrt.obl(CustomDialog.obs)
218  ISRT._SdShowMsg                                    isrt.obl(ISRTScriptDialogsPriv.obs)
219  ISRT._SetAltMainImage                              isrt.obl(Dialogs.obs)
220  ISRT._SetAltMainImageEx                            isrt.obl(Dialogs.obs)
221  ISRT._SetDisplayEffect                             isrt.obl(ui.obs)
222  ISRT._SetDllDirectory                              isrt.obl(Enable.obs)
223  ISRT._SetSilentSdShowMsg                           isrt.obl(Enable.obs)
224  ISRT._SetTitle                                     isrt.obl(ui.obs)
225  ISRT._SetupTraceWrite                              isrt.obl(Misc.obs)
226  ISRT._TreeViewCreate                               isrt.obl(CmptView.obs)
227  ISRT._WaitOnDialog                                 isrt.obl(CustomDialog.obs)
228  ISRT._WriteLine                                    isrt.obl(Files.obs)
229  ISRT.__CreateObjectContext                         isrt.obl(ISRTInit.obs)
230  ISRT.__GetCmdLineOptions                           isrt.obl(ISRTInit.obs)
231  ISRT.__GetContextGUID                              isrt.obl(ISRTInit.obs)
232  ISRT.__GetEnabledIServices                         isrt.obl(SysVars.obs)
233  ISRT.__GetFileRegistrar                            isrt.obl(ISRTInit.obs)
234  ISRT.__GetISMSIStringTableObj                      iswi.obl(ISWiInit.obs)
235  ISRT.__GetInfo                                     isrt.obl(ISRTInit.obs)
236  ISRT.__GetInstallGuid                              isrt.obl(SysVars.obs)
237  ISRT.__GetLogDB                                    isrt.obl(ISRTInit.obs)
238  ISRT.__GetMainWindow                               Setup.obs
239  ISRT.__GetMaintOption                              isrt.obl(SysVars.obs)
240  ISRT.__GetMaintenanceMode                          isrt.obl(SysVars.obs)
241  ISRT.__GetObjects                                  isrt.obl(ISRTInit.obs)
242  ISRT.__GetProductGuid                              isrt.obl(SysVars.obs)
243  ISRT.__GetProgress                                 Setup.obs
244  ISRT.__GetReboot                                   isrt.obl(ISRTInit.obs)
245  ISRT.__GetReinstallMode                            isrt.obl(SysVars.obs)
246  ISRT.__GetRemoveAllMode                            isrt.obl(SysVars.obs)
247  ISRT.__GetTextSub                                  isrt.obl(ISRTInit.obs)
248  ISRT.__GetUpdateMode                               isrt.obl(SysVars.obs)
249  ISRT.__PutEnabledIServices                         isrt.obl(Enable.obs)
250  ISRT.__ReleaseObjectContext                        isrt.obl(ISRTInit.obs)
251  ISRT.__RestoreMainLog                              isrt.obl(ISRTInit.obs)
252  ISRT.__RestoreMainLogEx                            isrt.obl(ISRTInit.obs)
253  ISRT.__SetComponentLog                             isrt.obl(ISRTInit.obs)
254  ISRT.__SetUpdateMode                               isrt.obl(SysVars.obs)
255  ISRTHandleScriptException                          isrt.obl(Misc.obs)
256  ISRTPreprogram                                     isrt.obl(Driver.obs)
257  ISWIOnAppSearch                                    iswi.obl(DriverConv.obs)
258  ISWIOnCCPSearch                                    iswi.obl(DriverConv.obs)
259  ISWIOnExitInstall                                  iswi.obl(DriverConv.obs)
260  ISWIOnFirstUIAfter                                 iswi.obl(DriverConv.obs)
261  ISWIOnFirstUIBefore                                iswi.obl(DriverConv.obs)
262  ISWIOnInitInstall                                  iswi.obl(DriverConv.obs)
263  ISWIOnMaintUIAfter                                 iswi.obl(DriverConv.obs)
264  ISWIOnMaintUIBefore                                iswi.obl(DriverConv.obs)
265  ISWIOnMoveData                                     iswi.obl(DriverConv.obs)
266  ISWIOnMoveDataPostInstall                          iswi.obl(DriverConv.obs)
267  ISWIOnMoveDataPreInstall                           iswi.obl(DriverConv.obs)
268  ISWIOnResumeUIAfter                                iswi.obl(DriverConv.obs)
269  ISWIOnResumeUIBefore                               iswi.obl(DriverConv.obs)
270  ISWIPostprogram                                    iswi.obl(DriverConv.obs)
271  ISWIPreprogram                                     iswi.obl(DriverConv.obs)
272  InstallFilesActionAfter                            iswi.obl(FileTransferFuncsConv.obs)
273  InstallFilesActionBefore                           iswi.obl(FileTransferFuncsConv.obs)
274  Is                                                 isrt.obl(Is.obs)
275  IsComponentFiltered                                iswi.obl(CompHelperFuncs.obs)
276  IsTestSetup                                        iswi.obl(HelperFuncs.obs)
277  KERNEL.GetModuleHandle                             Setup.obs
278  KERNEL32.CloseHandle                               Setup.obs
279  KERNEL32.CreateFileW                               Setup.obs
280  KERNEL32.CreateProcess                             Setup.obs
281  KERNEL32.DeleteFileW                               Setup.obs
282  KERNEL32.FindClose                                 Setup.obs
283  KERNEL32.FindFirstFileW                            Setup.obs
284  KERNEL32.FindNextFileW                             Setup.obs
285  KERNEL32.FormatMessageW                            Setup.obs
286  KERNEL32.FreeLibrary                               Setup.obs
287  KERNEL32.GetCurrentDirectoryW                      Setup.obs
288  KERNEL32.GetDriveType                              Setup.obs
289  KERNEL32.GetExitCodeProcess                        Setup.obs
290  KERNEL32.GetFileAttributesW                        Setup.obs
291  KERNEL32.GetLocalTime                              Setup.obs
292  KERNEL32.GetLocaleInfo                             Setup.obs
293  KERNEL32.GetPrivateProfileSectionW                 Setup.obs
294  KERNEL32.GetPrivateProfileString                   Setup.obs
295  KERNEL32.GetPrivateProfileStringW                  Setup.obs
296  KERNEL32.GetProcAddress                            Setup.obs
297  KERNEL32.GetProcessId                              Setup.obs
298  KERNEL32.GetProfileStringW                         Setup.obs
299  KERNEL32.GetSystemDefaultLCID                      Setup.obs
300  KERNEL32.GetSystemDefaultLangID                    Setup.obs
301  KERNEL32.GetSystemDefaultUILanguage                Setup.obs
302  KERNEL32.GetTickCount                              Setup.obs
303  KERNEL32.GetUserDefaultLangID                      Setup.obs
304  KERNEL32.GetVersion                                Setup.obs
305  KERNEL32.GetVersionEx                              Setup.obs
306  KERNEL32.GetVolumeInformation                      Setup.obs
307  KERNEL32.GetWindowsDirectory                       Setup.obs
308  KERNEL32.GetWindowsDirectoryW                      Setup.obs
309  KERNEL32.LoadLibraryW                              Setup.obs
310  KERNEL32.SetCurrentDirectoryW                      Setup.obs
311  KERNEL32.SetFileAttributesW                        Setup.obs
312  KERNEL32.WritePrivateProfileString                 Setup.obs
313  KERNEL32.lstrlenW                                  Setup.obs
314  Kernel32.GetModuleHandleW                          iswi.obl(ComponentConv.obs)
315  LOWORD                                             isrt.obl(Misc.obs)
316  LaunchApp                                          isrt.obl(Extend.obs)
317  LaunchAppAndWait                                   isrt.obl(Extend.obs)
318  LaunchAppAndWaitInitStartupInfo                    isrt.obl(Extend.obs)
319  LaunchApplication                                  isrt.obl(Extend.obs)
320  LaunchApplicationInit                              isrt.obl(Extend.obs)
321  ListAddItem                                        isrt.obl(scrlist.obs)
322  ListAddString                                      isrt.obl(scrlist.obs)
323  ListConvertStrToNum                                isrt.obl(scrlist.obs)
324  ListCount                                          isrt.obl(scrlist.obs)
325  ListCreate                                         isrt.obl(scrlist.obs)
326  ListCurrentString                                  isrt.obl(scrlist.obs)
327  ListDeleteItem                                     isrt.obl(scrlist.obs)
328  ListDeleteString                                   isrt.obl(scrlist.obs)
329  ListDestroy                                        isrt.obl(scrlist.obs)
330  ListFindItem                                       isrt.obl(scrlist.obs)
331  ListFindString                                     isrt.obl(scrlist.obs)
332  ListGetFirstItem                                   isrt.obl(scrlist.obs)
333  ListGetFirstString                                 isrt.obl(scrlist.obs)
334  ListGetLastString                                  iswi.obl(CompHelperFuncs.obs)
335  ListGetNextItem                                    isrt.obl(scrlist.obs)
336  ListGetNextString                                  isrt.obl(scrlist.obs)
337  ListGetType                                        isrt.obl(scrlist.obs)
338  ListSetIndex                                       isrt.obl(scrlist.obs)
339  ListValid                                          isrt.obl(scrlist.obs)
340  ListValidType                                      isrt.obl(scrlist.obs)
341  LoadStringFromStringTable                          iswi.obl(ISWiInit.obs)
342  LongPathFromShortPath                              isrt.obl(Str.obs)
343  LongPathToQuote                                    isrt.obl(Str.obs)
344  MAKELONG                                           isrt.obl(Misc.obs)
345  MIFCreateMIFFile                                   isrt.obl(MIF.obs)
346  MIFDeleteMIFFile                                   isrt.obl(MIF.obs)
347  MIFInitialize                                      isrt.obl(MIF.obs)
348  MIFSetInformation                                  isrt.obl(MIF.obs)
349  MIFUnInitialize                                    isrt.obl(MIF.obs)
350  MIFWasSetInformationCalled                         isrt.obl(MIF.obs)
351  MediaGetDataEx                                     iswi.obl(FeatureConv.obs)
352  MessageBeep                                        isrt.obl(Misc.obs)
353  MessageBox                                         isrt.obl(ISRTScriptDialogsPriv.obs)
354  MessageBoxEx                                       isrt.obl(ISRTScriptDialogsPriv.obs)
355  Moved                                              iswi.obl(FileTransferFuncsConv.obs)
356  Moving                                             iswi.obl(FileTransferFuncsConv.obs)
357  MsiCloseHandle                                     iswi.obl(MsiFuncsConv.obs)
358  MsiCreateRecord                                    iswi.obl(MsiFuncsConv.obs)
359  MsiDatabaseOpenView                                iswi.obl(MsiFuncsConv.obs)
360  MsiDoAction                                        iswi.obl(MsiFuncsConv.obs)
361  MsiGetActiveDatabase                               iswi.obl(MsiFuncsConv.obs)
362  MsiGetMode                                         iswi.obl(MsiFuncsConv.obs)
363  MsiGetProperty                                     iswi.obl(MsiFuncsConv.obs)
364  MsiGetPropertyIS                                   iswi.obl(MsiFuncsConv.obs)
365  MsiGetSourcePath                                   iswi.obl(MsiFuncsConv.obs)
366  MsiGetTargetPath                                   iswi.obl(MsiFuncsConv.obs)
367  MsiInstallProduct                                  iswi.obl(MsiFuncsConv.obs)
368  MsiProcessMessage                                  iswi.obl(MsiFuncsConv.obs)
369  MsiQueryFeatureState                               iswi.obl(MsiFuncsConv.obs)
370  MsiRecordGetInteger                                iswi.obl(MsiFuncsConv.obs)
371  MsiRecordGetString                                 iswi.obl(MsiFuncsConv.obs)
372  MsiRecordSetString                                 iswi.obl(MsiFuncsConv.obs)
373  MsiSetProperty                                     iswi.obl(MsiFuncsConv.obs)
374  MsiSetTargetPath                                   iswi.obl(MsiFuncsConv.obs)
375  MsiViewExecute                                     iswi.obl(MsiFuncsConv.obs)
376  MsiViewFetch                                       iswi.obl(MsiFuncsConv.obs)
377  OnAbort                                            iswi.obl(DriverConv.obs)
378  OnAction                                           iswi.obl(ISWiInit.obs)
379  OnAdminInstallUIAfter                              iswi.obl(DriverConv.obs)
380  OnAdminInstallUIBefore                             iswi.obl(DriverConv.obs)
381  OnAdminPatchUIAfter                                iswi.obl(DriverConv.obs)
382  OnAdminPatchUIBefore                               iswi.obl(DriverConv.obs)
383  OnAdvertisementAfter                               iswi.obl(DriverConv.obs)
384  OnAdvertisementBefore                              iswi.obl(DriverConv.obs)
385  OnAppSearch                                        iswi.obl(DriverConv.obs)
386  OnBegin                                            iswi.obl(DriverConv.obs)
387  OnCCPSearch                                        iswi.obl(DriverConv.obs)
388  OnCanceling                                        iswi.obl(DriverConv.obs)
389  OnComponentError                                   iswi.obl(DriverConv.obs)
390  OnDIFxLogCallback                                  isrt.obl(ISDIFx.obs)
391  OnDIFxLogCallbackImpl                              isrt.obl(ISDIFx.obs)
392  OnEnd                                              Setup.obs
393  OnError                                            iswi.obl(DriverConv.obs)
394  OnException                                        iswi.obl(DriverConv.obs)
395  OnFeaturesInstalled                                iswi.obl(FileTransferFuncsConv.obs)
396  OnFeaturesInstalling                               iswi.obl(FileTransferFuncsConv.obs)
397  OnFileError                                        iswi.obl(Exceptions.obs)
398  OnFileLocked                                       iswi.obl(Exceptions.obs)
399  OnFileReadOnly                                     iswi.obl(Exceptions.obs)
400  OnFilesInUse                                       iswi.obl(DriverConv.obs)
401  OnFilterComponents                                 iswi.obl(DriverConv.obs)
402  OnFirstUIAfter                                     Setup.obs
403  OnFirstUIBefore                                    iswi.obl(DriverConv.obs)
404  OnGeneratedMSIScript                               iswi.obl(DriverConv.obs)
405  OnGeneratingMSIScript                              iswi.obl(DriverConv.obs)
406  OnHelp                                             iswi.obl(DriverConv.obs)
407  OnInstallFilesActionAfter                          iswi.obl(DriverConv.obs)
408  OnInstallFilesActionBefore                         iswi.obl(DriverConv.obs)
409  OnInternetError                                    iswi.obl(Exceptions.obs)
410  OnLaunchAppAndWaitCallback                         iswi.obl(DriverConv.obs)
411  OnLogonUserSetMsiProperties                        iswi.obl(DriverConv.obs)
412  OnMD5Error                                         iswi.obl(Exceptions.obs)
413  OnMaintUIAfter                                     iswi.obl(DriverConv.obs)
414  OnMaintUIBefore                                    iswi.obl(DriverConv.obs)
415  OnMaintenance                                      iswi.obl(DriverConv.obs)
416  OnMoved                                            iswi.obl(DriverConv.obs)
417  OnMoving                                           iswi.obl(DriverConv.obs)
418  OnMsiSilentInstall                                 iswi.obl(DriverConv.obs)
419  OnNetApiCreateUserAccountInternal                  isrt.obl(NetApiRT.obs)
420  OnNextDisk                                         iswi.obl(Exceptions.obs)
421  OnOutOfDiskSpace                                   iswi.obl(DriverConv.obs)
422  OnPatchUIAfter                                     iswi.obl(DriverConv.obs)
423  OnPatchUIBefore                                    iswi.obl(DriverConv.obs)
424  OnRMFilesInUse                                     iswi.obl(DriverConv.obs)
425  OnRebooted                                         iswi.obl(DriverConv.obs)
426  OnRemovingSharedFile                               iswi.obl(Exceptions.obs)
427  OnResume                                           iswi.obl(DriverConv.obs)
428  OnResumeUIAfter                                    iswi.obl(DriverConv.obs)
429  OnResumeUIBefore                                   iswi.obl(DriverConv.obs)
430  OnSQLLogin                                         iswi.obl(DriverConv.obs)
431  OnSelfRegistrationError                            iswi.obl(Exceptions.obs)
432  OnUnhandledException                               iswi.obl(DriverConv.obs)
433  OnUninstall                                        iswi.obl(DriverConv.obs)
434  OnUpdateService                                    iswi.obl(DriverConv.obs)
435  OnWarning                                          iswi.obl(DriverConv.obs)
436  OpenFile                                           isrt.obl(Files.obs)
437  OpenFileMode                                       isrt.obl(Files.obs)
438  ParsePath                                          isrt.obl(Str.obs)
439  PopulateColumnHeaders                              isrt.obl(ISRTScriptDialogs.obs)
440  PopulateListView                                   isrt.obl(ISRTScriptDialogs.obs)
441  PostShowComponentDlg                               iswi.obl(ISWiInit.obs)
442  Postprogram                                        iswi.obl(DriverConv.obs)
443  PreShowComponentDlg                                iswi.obl(ISWiInit.obs)
444  Preprogram                                         iswi.obl(DriverConv.obs)
445  ProgGetGroupType                                   isrt.obl(Shell.obs)
446  ProgramEeuiPostInstall                             iswi.obl(DriverConv.obs)
447  ProgramEeuiPreInstall                              iswi.obl(DriverConv.obs)
448  PthFixPath                                         isrt.obl(Pth.obs)
449  PthIsAbsPath                                       isrt.obl(Pth.obs)
450  RebootNeeded                                       iswi.obl(FileTransferFuncsConv.obs)
451  RedirectMsiCloseHandle                             iswi.obl(RedirectedMsiFuncsConv.obs)
452  RedirectMsiCreateRecord                            iswi.obl(RedirectedMsiFuncsConv.obs)
453  RedirectMsiGetActiveDatabase                       iswi.obl(RedirectedMsiFuncsConv.obs)
454  RedirectMsiGetMode                                 iswi.obl(RedirectedMsiFuncsConv.obs)
455  RedirectMsiProcessMessage                          iswi.obl(RedirectedMsiFuncsConv.obs)
456  RedirectMsiRecordGetInteger                        iswi.obl(RedirectedMsiFuncsConv.obs)
457  RedirectMsiViewExecute                             iswi.obl(RedirectedMsiFuncsConv.obs)
458  RedirectMsiViewFetch                               iswi.obl(RedirectedMsiFuncsConv.obs)
459  RegDBGetDefaultRoot                                isrt.obl(SysVars.obs)
460  RegDBGetItem                                       isrt.obl(Registry.obs)
461  RegDBGetKeyValueEx                                 isrt.obl(Registry.obs)
462  RegDBQueryKey                                      isrt.obl(Registry.obs)
463  RegDBQueryKeyCount                                 isrt.obl(Registry.obs)
464  RegDBQueryStringMultiStringCount                   isrt.obl(Registry.obs)
465  RegDBQueryValue                                    isrt.obl(Registry.obs)
466  RegDBQueryValue32                                  isrt.obl(Registry.obs)
467  RegDBSetDefaultRoot                                isrt.obl(SysVars.obs)
468  ReleaseDialog                                      isrt.obl(CustomDialog.obs)
469  RemoveSpaces                                       iswi.obl(HelperFuncs.obs)
470  ResolveShellObjectsFolder                          iswi.obl(CompHelperFuncs.obs)
471  SdAskDestPath                                      isrt.obl(ISRTScriptDialogs.obs)
472  SdCloseDlg                                         isrt.obl(SDINT.obs)
473  SdComponentDlgCheckSpace                           isrt.obl(SDINT.obs)
474  SdDiskSpace2                                       isrt.obl(ISRTScriptDialogs.obs)
475  SdDlgToTop                                         isrt.obl(SDINT.obs)
476  SdDoStdButton                                      isrt.obl(SDINT.obs)
477  SdEnablement                                       isrt.obl(SDINT.obs)
478  SdError                                            isrt.obl(SDINT.obs)
479  SdFeatureTree                                      isrt.obl(ISRTScriptDialogs.obs)
480  SdFilesInUse                                       isrt.obl(ISRTScriptDialogs.obs)
481  SdFinish                                           isrt.obl(ISRTScriptDialogs.obs)
482  SdFinishReboot                                     isrt.obl(ISRTScriptDialogs.obs)
483  SdGeneralInit                                      isrt.obl(SDINT.obs)
484  SdInit                                             isrt.obl(SDINT.obs)
485  SdIsStdButton                                      isrt.obl(SDINT.obs)
486  SdLoadString                                       isrt.obl(SDINT.obs)
487  SdMakeName                                         isrt.obl(SDINT.obs)
488  SdPatchWelcome                                     isrt.obl(ISRTScriptDialogs.obs)
489  SdPlugInProductName                                isrt.obl(SDINT.obs)
490  SdRMFilesInUse                                     isrt.obl(ISRTScriptDialogs.obs)
491  SdRegisterUser                                     isrt.obl(ISRTScriptDialogs.obs)
492  SdSetDlgTitle                                      isrt.obl(SDINT.obs)
493  SdSetStatic                                        isrt.obl(SDINT.obs)
494  SdSetupCompleteError                               isrt.obl(ISRTScriptDialogs.obs)
495  SdShowMsg                                          isrt.obl(ISRTScriptDialogsPriv.obs)
496  SdStartCopy2                                       isrt.obl(ISRTScriptDialogs.obs)
497  SdSubstituteProductInfo                            isrt.obl(SDINT.obs)
498  SdUnInit                                           isrt.obl(SDINT.obs)
499  SdWelcome                                          isrt.obl(ISRTScriptDialogs.obs)
500  SdWelcomeMaint                                     isrt.obl(ISRTScriptDialogs.obs)
501  SelectDir                                          isrt.obl(ISRTScriptDialogsPriv.obs)
502  SelectDirNoLog                                     isrt.obl(ISRTScriptDialogsPriv.obs)
503  SendMessage                                        isrt.obl(Misc.obs)
504  ServiceInitParams                                  isrt.obl(Service.obs)
505  SetCmdLine                                         isrt.obl(SysVars.obs)
506  SetDisplayEffect                                   isrt.obl(ui.obs)
507  SetExtendedErrInfo                                 isrt.obl(IsUtil.obs)
508  SetGlobalVars                                      iswi.obl(ISWiInit.obs)
509  SetInstallationInfo                                isrt.obl(Registry.obs)
510  SetMifInformationOnly                              isrt.obl(Registry.obs)
511  SetStatusExStaticText                              isrt.obl(ui.obs)
512  SetStatusWindow                                    isrt.obl(ui.obs)
513  SetTitle                                           isrt.obl(ui.obs)
514  SetupTraceWrite                                    isrt.obl(Misc.obs)
515  SetupType2                                         isrt.obl(ISRTScriptDialogs.obs)
516  Shell32.ShellExecuteExW                            Setup.obs
517  SilentDoGeneralInfo                                isrt.obl(Silent.obs)
518  SilentFailed                                       isrt.obl(Silent.obs)
519  SilentFinish                                       isrt.obl(Silent.obs)
520  SilentInit                                         isrt.obl(Silent.obs)
521  SilentReadData                                     isrt.obl(Silent.obs)
522  SilentSetInfo                                      isrt.obl(Silent.obs)
523  SilentSetMode                                      isrt.obl(Silent.obs)
524  SilentWriteData                                    isrt.obl(Silent.obs)
525  Sprintf                                            isrt.obl(Str.obs)
526  SprintfBox                                         isrt.obl(ISRTScriptDialogsPriv.obs)
527  SprintfMsiLog                                      iswi.obl(HelperFuncs.obs)
528  StrAddLastSlash                                    isrt.obl(Str.obs)
529  StrConvertSizeUnit                                 isrt.obl(Str.obs)
530  StrDelete                                          iswi.obl(HelperFuncs.obs)
531  StrFindEx                                          isrt.obl(Str.obs)
532  StrGetTokens                                       isrt.obl(Str.obs)
533  StrLength                                          isrt.obl(Str.obs)
534  StrParseMSIMessage                                 isrt.obl(Str.obs)
535  StrRemoveLastSlash                                 isrt.obl(Str.obs)
536  StrReplace                                         isrt.obl(Str.obs)
537  StrToNumHex                                        isrt.obl(Str.obs)
538  StrToUpper                                         isrt.obl(Str.obs)
539  StrTrim                                            isrt.obl(Str.obs)
540  SuiteLogInfo                                       isrt.obl(SuiteWrappers.obs)
541  SuiteReportError                                   isrt.obl(SuiteWrappers.obs)
542  SysVarsInit                                        isrt.obl(SysVars.obs)
543  SysVarsInitConv                                    iswi.obl(SysVarsConv.obs)
544  SysVarsTrace                                       isrt.obl(SysVars.obs)
545  SysVarsUnInit                                      iswi.obl(SysVarsConv.obs)
546  System                                             isrt.obl(Misc.obs)
547  SystemRestoreCancelRestorePointIS                  isrt.obl(PCRestore.obs)
548  SystemRestoreCloseRestorePointIS                   isrt.obl(PCRestore.obs)
549  SystemRestoreDisableIS                             isrt.obl(PCRestore.obs)
550  SystemRestoreIsEnabledIS                           isrt.obl(PCRestore.obs)
551  SystemRestoreOpenRestorePointIS                    isrt.obl(PCRestore.obs)
552  TextSubGetValue                                    isrt.obl(TextSub.obs)
553  TextSubParseTextSub                                isrt.obl(TextSub.obs)
554  TextSubSetValue                                    isrt.obl(TextSub.obs)
555  TreeViewCreate                                     isrt.obl(CmptView.obs)
556  USER.EnableWindow                                  Setup.obs
557  USER.GetClassName                                  Setup.obs
558  USER.GetDC                                         Setup.obs
559  USER.GetDlgItem                                    Setup.obs
560  USER.GetFocus                                      Setup.obs
561  USER.GetWindowLong                                 Setup.obs
562  USER.GetWindowRect                                 Setup.obs
563  USER.IsIconic                                      Setup.obs
564  USER.IsWindow                                      Setup.obs
565  USER.ReleaseDC                                     Setup.obs
566  USER.SendMessageW                                  Setup.obs
567  USER.SetFocus                                      Setup.obs
568  USER.SetWindowPos                                  Setup.obs
569  USER.SetWindowText                                 Setup.obs
570  USER.ShowWindow                                    Setup.obs
571  USER32.CharUpperBuffW                              Setup.obs
572  USER32.DestroyWindow                               Setup.obs
573  USER32.GetDesktopWindow                            Setup.obs
574  USER32.GetSystemMetrics                            Setup.obs
575  USER32.GetWindowText                               Setup.obs
576  USER32.GetWindowTextLength                         Setup.obs
577  USER32.IsWindowVisible                             Setup.obs
578  USER32.MessageBoxW                                 Setup.obs
579  USER32.MsgWaitForMultipleObjects                   Setup.obs
580  USER32.PeekMessageW                                Setup.obs
581  USER32.SendMessageW                                Setup.obs
582  USER32.SetForegroundWindow                         Setup.obs
583  USER32.SetWindowLong                               Setup.obs
584  USER32.SetWindowRgn                                Setup.obs
585  USER32.WaitForInputIdle                            Setup.obs
586  UpdateDirectoryPathForIsMsiEeui                    iswi.obl(HelperFuncs.obs)
587  UpdateServiceEnableUpdateService                   isrt.obl(ISUpdateService.obs)
588  User32.LoadStringW                                 iswi.obl(ComponentConv.obs)
589  VarInit                                            isrt.obl(SysVars.obs)
590  VarRestore                                         iswi.obl(SysVarsConv.obs)
591  VarRestoreISRT                                     isrt.obl(SysVars.obs)
592  VarSave                                            iswi.obl(SysVarsConv.obs)
593  VarSaveISRT                                        isrt.obl(SysVars.obs)
594  VerCompare                                         isrt.obl(version.obs)
595  VerProductGetInstalledVersion                      isrt.obl(version.obs)
596  VerProductNumToStr                                 isrt.obl(version.obs)
597  VerProductVerPartsFromVer                          isrt.obl(version.obs)
598  WaitForApplication                                 isrt.obl(Extend.obs)
599  WaitOnDialog                                       isrt.obl(CustomDialog.obs)
600  WriteLine                                          isrt.obl(Files.obs)
601  __AddStringToArray                                 iswi.obl(HelperFuncs.obs)
602  __Begin                                            iswi.obl(DriverConv.obs)
603  __ComponentListItemsEx                             iswi.obl(CompHelperFuncs.obs)
604  __ComponentListItemsExInstall                      iswi.obl(CompHelperFuncs.obs)
605  __ComponentListItemsExUnInstall                    iswi.obl(CompHelperFuncs.obs)
606  __ComponentMoveXferData                            iswi.obl(CompHelperFuncs.obs)
607  __End                                              iswi.obl(DriverConv.obs)
608  __GetFinishMode                                    iswi.obl(ISWiInit.obs)
609  __GetMsiHandle                                     iswi.obl(SysVarsConv.obs)
610  __GetSourceDir                                     iswi.obl(SysVarsConv.obs)
611  __HandleError                                      iswi.obl(ErrHandler.obs)
612  __ISRTDoExit                                       isrt.obl(Misc.obs)
613  __ISRTInit                                         isrt.obl(ISRTInit.obs)
614  __ISRTRestoreMainLog                               isrt.obl(ISRTInit.obs)
615  __ISRTRestoreMainLogEx                             isrt.obl(ISRTInit.obs)
616  __ISRTSetComponentLog                              isrt.obl(ISRTInit.obs)
617  __ISRTUnInit                                       isrt.obl(ISRTInit.obs)
618  __ISWIInit                                         iswi.obl(ISWiInit.obs)
619  __ISWIMsiHandle                                    iswi.obl(ISWiInit.obs)
620  __ISWIUnInit                                       iswi.obl(ISWiInit.obs)
621  __IsArrayEmpty                                     iswi.obl(HelperFuncs.obs)
622  __LoadIScriptString                                isrt.obl(LoadStr.obs)
623  __Moved                                            iswi.obl(FileTransferFuncsConv.obs)
624  __Moving                                           iswi.obl(FileTransferFuncsConv.obs)
625  __MsiOpenView                                      iswi.obl(CompHelperFuncs.obs)
626  __MsiQueryFeatureState                             iswi.obl(MsiWrappersConv.obs)
627  __MsiRecordGetString                               iswi.obl(MsiWrappersConv.obs)
628  __OnAbort                                          iswi.obl(DriverConv.obs)
629  __OnAdminPatch                                     iswi.obl(DriverConv.obs)
630  __OnAdministrativeInstall                          iswi.obl(DriverConv.obs)
631  __OnAdvertisement                                  iswi.obl(DriverConv.obs)
632  __OnBegin                                          iswi.obl(DriverConv.obs)
633  __OnCanceling                                      iswi.obl(DriverConv.obs)
634  __OnEnd                                            iswi.obl(DriverConv.obs)
635  __OnError                                          iswi.obl(DriverConv.obs)
636  __OnMsiMaintenance                                 iswi.obl(DriverConv.obs)
637  __OnMsiRebooted                                    iswi.obl(DriverConv.obs)
638  __OnMsiSilentInstall                               iswi.obl(DriverConv.obs)
639  __OnMsiUninstall                                   iswi.obl(DriverConv.obs)
640  __OnPatch                                          iswi.obl(DriverConv.obs)
641  __OnResume                                         iswi.obl(DriverConv.obs)
642  __OnWarning                                        iswi.obl(DriverConv.obs)
643  __ResetMsiObject                                   iswi.obl(ISWiInit.obs)
644  __SetMaintenance                                   iswi.obl(ISWiInit.obs)
645  __SetMsiHandle                                     iswi.obl(SysVarsConv.obs)
646  __SetMsiServer                                     iswi.obl(ISWiInit.obs)
647  __SetPatch                                         iswi.obl(SysVarsConv.obs)
648  __SetSourceDir                                     iswi.obl(SysVarsConv.obs)
649  isrt._ComponentGetData                             iswi.obl(ComponentConv.obs)
650  isrt._ComponentIsItemSelected                      iswi.obl(ComponentConv.obs)
651  isrt._ComponentListItems                           iswi.obl(ComponentConv.obs)
652  isrt._ComponentReinstall                           iswi.obl(ComponentConv.obs)
653  isrt._ComponentRemoveAll                           iswi.obl(ComponentConv.obs)
654  isrt._ComponentSelectItem                          iswi.obl(ComponentConv.obs)
655  isrt._ComponentSetupTypeSet                        iswi.obl(ComponentConv.obs)
656  isrt._EnableDialogCache                            iswi.obl(ISWiInit.obs)
657  msi.MsiCloseHandle                                 iswi.obl(RedirectedMsiFuncsConv.obs)
658  msi.MsiCreateRecord                                iswi.obl(RedirectedMsiFuncsConv.obs)
659  msi.MsiDatabaseOpenViewW                           Setup.obs
660  msi.MsiDoActionW                                   Setup.obs
661  msi.MsiGetActiveDatabase                           iswi.obl(RedirectedMsiFuncsConv.obs)
662  msi.MsiGetMode                                     iswi.obl(RedirectedMsiFuncsConv.obs)
663  msi.MsiGetProductInfoW                             Setup.obs
664  msi.MsiGetPropertyW                                Setup.obs
665  msi.MsiGetSourcePathW                              Setup.obs
666  msi.MsiGetTargetPathW                              Setup.obs
667  msi.MsiProcessMessage                              iswi.obl(RedirectedMsiFuncsConv.obs)
668  msi.MsiQueryFeatureStateW                          Setup.obs
669  msi.MsiRecordGetInteger                            iswi.obl(RedirectedMsiFuncsConv.obs)
670  msi.MsiRecordGetStringW                            Setup.obs
671  msi.MsiRecordSetStringW                            Setup.obs
672  msi.MsiSetPropertyW                                Setup.obs
673  msi.MsiSetTargetPathW                              Setup.obs
674  msi.MsiViewExecute                                 iswi.obl(RedirectedMsiFuncsConv.obs)
675  msi.MsiViewFetch                                   iswi.obl(RedirectedMsiFuncsConv.obs)
676  program                                            iswi.obl(DriverConv.obs)
677  sfc.SRSetRestorePointW                             Setup.obs


***** External Variables *****
1    ADDREMOVE                                          iswi.obl(SysVarsConv.obs)
2    ADDREMOVE_COMBINEDBUTTON                           Setup.obs
3    ADDREMOVE_HIDECHANGEOPTION                         Setup.obs
4    ADDREMOVE_HIDEREMOVEOPTION                         Setup.obs
5    ADDREMOVE_HIDEREPAIROPTION                         Setup.obs
6    ADDREMOVE_STRING_REMOVEONLY                        Setup.obs
7    ADDREMOVE_SYSTEMCOMPONENT                          Setup.obs
8    ADMINUSER                                          Setup.obs
9    ALLUSERS                                           Setup.obs
10   AdminToolsFolder                                   iswi.obl(DebugSymbolsConv.obs)
11   AppDataFolder                                      iswi.obl(DebugSymbolsConv.obs)
12   BASICMSI                                           iswi.obl(SysVarsConv.obs)
13   BATCH_INSTALL                                      Setup.obs
14   CMDLINE                                            iswi.obl(SysVarsConv.obs)
15   COMMONFILES                                        iswi.obl(SysVarsConv.obs)
16   COMMONFILES64                                      iswi.obl(SysVarsConv.obs)
17   CommonAppDataFolder                                iswi.obl(DebugSymbolsConv.obs)
18   CommonFiles64Folder                                iswi.obl(DebugSymbolsConv.obs)
19   CommonFilesFolder                                  iswi.obl(DebugSymbolsConv.obs)
20   DISABLE_ALLUSERBTN                                 Setup.obs
21   DISABLE_PERUSERBTN                                 Setup.obs
22   DISK1SETUPEXENAME                                  iswi.obl(SysVarsConv.obs)
23   DISK1TARGET                                        Setup.obs
24   DesktopFolder                                      iswi.obl(DebugSymbolsConv.obs)
25   ENABLED_ISERVICES                                  iswi.obl(SysVarsConv.obs)
26   ENGINECOMMONDIR                                    iswi.obl(SysVarsConv.obs)
27   ENGINEDIR                                          iswi.obl(SysVarsConv.obs)
28   ERRORFILENAME                                      Setup.obs
29   ERRORINFO                                          iswi.obl(ComponentConv.obs)
30   Err                                                Setup.obs
31   FEATURE                                            iswi.obl(ComponentConv.obs)
32   FILEERROR                                          iswi.obl(ComponentConv.obs)
33   FILETIME                                           Setup.obs
34   FIND_DATAW                                         Setup.obs
35   FOLDER_APPDATA                                     iswi.obl(SysVarsConv.obs)
36   FOLDER_COMMON_APPDATA                              iswi.obl(SysVarsConv.obs)
37   FOLDER_DESKTOP                                     iswi.obl(SysVarsConv.obs)
38   FOLDER_DOTNET_10                                   iswi.obl(SysVarsConv.obs)
39   FOLDER_DOTNET_11                                   iswi.obl(SysVarsConv.obs)
40   FOLDER_DOTNET_20                                   iswi.obl(SysVarsConv.obs)
41   FOLDER_DOTNET_30                                   iswi.obl(SysVarsConv.obs)
42   FOLDER_DOTNET_35                                   iswi.obl(SysVarsConv.obs)
43   FOLDER_DOTNET_40                                   iswi.obl(SysVarsConv.obs)
44   FOLDER_FONTS                                       iswi.obl(SysVarsConv.obs)
45   FOLDER_LOCAL_APPDATA                               iswi.obl(SysVarsConv.obs)
46   FOLDER_PERSONAL                                    iswi.obl(SysVarsConv.obs)
47   FOLDER_PROGRAMS                                    iswi.obl(SysVarsConv.obs)
48   FOLDER_STARTMENU                                   iswi.obl(SysVarsConv.obs)
49   FOLDER_STARTUP                                     iswi.obl(SysVarsConv.obs)
50   FOLDER_TEMP                                        iswi.obl(SysVarsConv.obs)
51   FavoritesFolder                                    iswi.obl(DebugSymbolsConv.obs)
52   FileRegistrar                                      Setup.obs
53   FontsFolder                                        iswi.obl(DebugSymbolsConv.obs)
54   HIDE_DISABLED_BTNS                                 Setup.obs
55   HKEYCURRENTROOTKEY                                 Setup.obs
56   IFX_COMPANY_NAME                                   Setup.obs
57   IFX_INSTALLED_DISPLAY_VERSION                      Setup.obs
58   IFX_INSTALLED_VERSION                              Setup.obs
59   IFX_KEYPATH_PRODUCT_INFO                           Setup.obs
60   IFX_MULTI_INSTANCE_SUFFIX                          Setup.obs
61   IFX_NETAPI_GROUP                                   Setup.obs
62   IFX_NETAPI_PASSWORD                                Setup.obs
63   IFX_NETAPI_USER_ACCOUNT                            Setup.obs
64   IFX_OPEN_RESTORE_POINT                             isrt.obl(PCRestore.obs)
65   IFX_PRODUCT_COMMENTS                               Setup.obs
66   IFX_PRODUCT_DISPLAY_NAME                           Setup.obs
67   IFX_PRODUCT_DISPLAY_VERSION                        Setup.obs
68   IFX_PRODUCT_ICON                                   Setup.obs
69   IFX_PRODUCT_KEY                                    Setup.obs
70   IFX_PRODUCT_NAME                                   Setup.obs
71   IFX_PRODUCT_README                                 Setup.obs
72   IFX_PRODUCT_REGISTEREDCOMPANY                      Setup.obs
73   IFX_PRODUCT_REGISTEREDOWNER                        Setup.obs
74   IFX_PRODUCT_REGISTEREDSERIALNUM                    Setup.obs
75   IFX_PRODUCT_SUPPORT_CONTACT                        Setup.obs
76   IFX_PRODUCT_SUPPORT_PHONE                          Setup.obs
77   IFX_PRODUCT_SUPPORT_URL                            Setup.obs
78   IFX_PRODUCT_UPDATE_URL                             Setup.obs
79   IFX_PRODUCT_URL                                    Setup.obs
80   IFX_PRODUCT_VERSION                                Setup.obs
81   IFX_RESTORE_DISABLED                               isrt.obl(PCRestore.obs)
82   IFX_SETUP_TITLE                                    Setup.obs
83   IFX_SUPPORTED_VERSIONS                             Setup.obs
84   IISROOTFOLDER                                      iswi.obl(SysVarsConv.obs)
85   INSTALLDIR                                         Setup.obs
86   INSTALLSCRIPTMSI                                   iswi.obl(SysVarsConv.obs)
87   INSTALLSCRIPTMSIEEUI                               iswi.obl(SysVarsConv.obs)
88   INSTANCE_GUID                                      iswi.obl(SysVarsConv.obs)
89   ISDIFXAPPID                                        Setup.obs
90   ISMSI_HANDLE                                       iswi.obl(DebugSymbolsConv.obs)
91   ISRES                                              iswi.obl(SysVarsConv.obs)
92   ISUSER                                             iswi.obl(SysVarsConv.obs)
93   ISUTIL_FUNCTION_ACTUAL_ERROR                       Setup.obs
94   ISUTIL_FUNCTION_ERROR                              iswi.obl(CompHelperFuncs.obs)
95   ISUTIL_LINE_NUMBER                                 Setup.obs
96   ISUTIL_POSITIVE_ERROR                              iswi.obl(CompHelperFuncs.obs)
97   ISUTIL_SCRIPT_FILE                                 Setup.obs
98   ISVERSION                                          iswi.obl(SysVarsConv.obs)
99   IS_NULLSTR_PTR                                     Setup.obs
100  LAAW_PARAMETERS                                    Setup.obs
101  LAAW_PROCESS_INFORMATION                           Setup.obs
102  LAAW_SHELLEXECUTEINFO                              Setup.obs
103  LAAW_SHELLEXECUTEVERB                              Setup.obs
104  LAAW_STARTUPINFO                                   Setup.obs
105  LAST_RESULT                                        Setup.obs
106  LVITEMW                                            Setup.obs
107  LV_COLUMNW                                         Setup.obs
108  LocalAppDataFolder                                 iswi.obl(DebugSymbolsConv.obs)
109  LogDB                                              Setup.obs
110  MAINTENANCE                                        iswi.obl(SysVarsConv.obs)
111  MAINT_OPTION                                       iswi.obl(SysVarsConv.obs)
112  MEDIA                                              Setup.obs
113  MEDIA_INFO                                         iswi.obl(FeatureConv.obs)
114  MODE                                               Setup.obs
115  MSG                                                Setup.obs
116  MULTI_INSTANCE_COUNT                               iswi.obl(SysVarsConv.obs)
117  MainWindow                                         Setup.obs
118  MyPicturesFolder                                   iswi.obl(DebugSymbolsConv.obs)
119  NOTHING                                            Setup.obs
120  NetHoodFolder                                      iswi.obl(DebugSymbolsConv.obs)
121  OSINFO_PLATFORM_INFO                               Setup.obs
122  OSINFO_PROCESSOR_INFO                              Setup.obs
123  OSVERSIONINFOEXW                                   Setup.obs
124  OSVERSIONINFOW                                     Setup.obs
125  Objects                                            Setup.obs
126  OriginalDatabase                                   iswi.obl(DebugSymbolsConv.obs)
127  PACKAGE_LOCATION                                   iswi.obl(SysVarsConv.obs)
128  PATCH                                              iswi.obl(DebugSymbolsConv.obs)
129  POINT                                              Setup.obs
130  PRIVILEGED                                         Setup.obs
131  PROCESS_INFORMATION                                Setup.obs
132  PRODUCT_GUID                                       iswi.obl(SysVarsConv.obs)
133  PROGRAMFILES                                       iswi.obl(SysVarsConv.obs)
134  PROGRAMFILES64                                     iswi.obl(SysVarsConv.obs)
135  PersonalFolder                                     iswi.obl(DebugSymbolsConv.obs)
136  PrintHoodFolder                                    iswi.obl(DebugSymbolsConv.obs)
137  ProgramFiles64Folder                               iswi.obl(DebugSymbolsConv.obs)
138  ProgramFilesFolder                                 iswi.obl(DebugSymbolsConv.obs)
139  ProgramMenuFolder                                  iswi.obl(DebugSymbolsConv.obs)
140  RECT                                               Setup.obs
141  REGDB_OPTIONS                                      Setup.obs
142  REINSTALLMODE                                      iswi.obl(SysVarsConv.obs)
143  REMOVEALLMODE                                      iswi.obl(SysVarsConv.obs)
144  REMOVEONLY                                         iswi.obl(SysVarsConv.obs)
145  RUN_ONCE_PROGRAM                                   iswi.obl(SysVarsConv.obs)
146  Reboot                                             Setup.obs
147  RecentFolder                                       iswi.obl(DebugSymbolsConv.obs)
148  SELECTED_LANGUAGE                                  iswi.obl(SysVarsConv.obs)
149  SERVICE_IS_PARAMS                                  Setup.obs
150  SETUPTYPE_STR_COMPACT                              Setup.obs
151  SETUPTYPE_STR_COMPLETE                             Setup.obs
152  SETUPTYPE_STR_CUSTOM                               Setup.obs
153  SETUPTYPE_STR_TYPICAL                              Setup.obs
154  SHAREDSUPPORTDIR                                   iswi.obl(SysVarsConv.obs)
155  SHELLEXECUTEINFOW                                  Setup.obs
156  SHELL_OBJECT_FOLDER                                Setup.obs
157  SHOW_PASSWORD_DIALOG                               iswi.obl(SysVarsConv.obs)
158  SRCDIR                                             Setup.obs
159  SRCDISK                                            iswi.obl(SysVarsConv.obs)
160  STANDARD_SELECTED_LANGUAGE                         iswi.obl(SysVarsConv.obs)
161  STARTUPINFOW                                       Setup.obs
162  SUITE_HOSTED                                       iswi.obl(SysVarsConv.obs)
163  SUPPORTDIR                                         iswi.obl(SysVarsConv.obs)
164  SYSINFO                                            Setup.obs
165  SYSPROCESSORINFO                                   Setup.obs
166  SYSTEMTIME                                         Setup.obs
167  SendToFolder                                       iswi.obl(DebugSymbolsConv.obs)
168  SetupInfo                                          Setup.obs
169  SourceDir                                          iswi.obl(DebugSymbolsConv.obs)
170  StartMenuFolder                                    iswi.obl(DebugSymbolsConv.obs)
171  StartupFolder                                      iswi.obl(DebugSymbolsConv.obs)
172  StatusDlg                                          Setup.obs
173  SuiteHost                                          Setup.obs
174  System16Folder                                     iswi.obl(DebugSymbolsConv.obs)
175  System64Folder                                     iswi.obl(DebugSymbolsConv.obs)
176  SystemFolder                                       iswi.obl(DebugSymbolsConv.obs)
177  TARGETDIR                                          Setup.obs
178  TARGETDISK                                         iswi.obl(SysVarsConv.obs)
179  TempFolder                                         iswi.obl(DebugSymbolsConv.obs)
180  TemplateFolder                                     iswi.obl(DebugSymbolsConv.obs)
181  TextSub                                            Setup.obs
182  UNINST                                             Setup.obs
183  UNINSTALLKEY                                       Setup.obs
184  UNINSTALL_DISPLAYNAME                              Setup.obs
185  UNINSTALL_STRING                                   Setup.obs
186  UPDATEMODE                                         Setup.obs
187  WINDIR                                             iswi.obl(SysVarsConv.obs)
188  WINDISK                                            iswi.obl(SysVarsConv.obs)
189  WINSYSDIR                                          iswi.obl(SysVarsConv.obs)
190  WINSYSDIR64                                        iswi.obl(SysVarsConv.obs)
191  WINSYSDISK                                         iswi.obl(SysVarsConv.obs)
192  WindowsFolder                                      iswi.obl(DebugSymbolsConv.obs)
193  WindowsVolume                                      iswi.obl(DebugSymbolsConv.obs)
194  _INT64                                             Setup.obs
195  _LAAW_PARAMETERS                                   Setup.obs
196  _LAAW_TEMP_DATA                                    isrt.obl(Extend.obs)
197  _RESTOREPOINTINFO                                  Setup.obs
198  _SERVICE_IS_PARAMS                                 Setup.obs
199  _STATEMGRSTATUS                                    Setup.obs
200  _WIN9X                                             Setup.obs
201  _WINNT                                             Setup.obs
202  __gbAliasingOff                                    iswi.obl(CompHelperFuncs.obs)
203  __gbCheckForUpdate                                 iswi.obl(CompHelperFuncs.obs)
204  __gbGetTarget                                      iswi.obl(CompHelperFuncs.obs)
205  __gbInitialized                                    iswi.obl(CompHelperFuncs.obs)
206  __gbInstallInfo                                    Setup.obs
207  __gbMaintenance                                    iswi.obl(CompHelperFuncs.obs)
208  __gbReopening                                      iswi.obl(CompHelperFuncs.obs)
209  __ghActiveDataBase                                 iswi.obl(CompHelperFuncs.obs)
210  __ghErrFileHandle                                  iswi.obl(CompHelperFuncs.obs)
211  __ghMsiInstall                                     iswi.obl(CompHelperFuncs.obs)
212  __gnButtonSelected                                 iswi.obl(CompHelperFuncs.obs)
213  __gnLastError                                      iswi.obl(CompHelperFuncs.obs)
214  __gnMsiReturn                                      iswi.obl(CompHelperFuncs.obs)
215  __gnOSMask                                         iswi.obl(CompHelperFuncs.obs)
216  __gnScriptMode                                     iswi.obl(CompHelperFuncs.obs)
217  __goISDriver                                       iswi.obl(CompHelperFuncs.obs)
218  __goMsiServer                                      iswi.obl(CompHelperFuncs.obs)
219  __gsINSTALLDIR                                     iswi.obl(CompHelperFuncs.obs)
220  __gsProductGuid                                    iswi.obl(CompHelperFuncs.obs)
221  __gsSourceDir                                      iswi.obl(CompHelperFuncs.obs)
222  __hContext                                         Setup.obs
223  __objGlobalTextSub                                 Setup.obs
224  __objStringTable                                   iswi.obl(ISWiInit.obs)
225  __szGUID                                           Setup.obs
226  bBackButton                                        Setup.obs
227  bCancelButton                                      Setup.obs
228  bEnterDiskBeep                                     Setup.obs
229  bFinishButton                                      Setup.obs
230  bInstall16                                         Setup.obs
231  bNextButton                                        Setup.obs
232  bSdInit                                            Setup.obs
233  bViewCmptKunits                                    Setup.obs
234  bViewCmptUseDecimal                                Setup.obs
235  g_bSuppressMissingStringWarning                    iswi.obl(DriverConv.obs)
236  g_nDlgAskPath                                      Setup.obs
237  nDlgMessageBox                                     Setup.obs
238  nDlgSelectDir                                      Setup.obs
239  nDlgSetupType2                                     Setup.obs
240  nDlgSprintfBox                                     Setup.obs
241  nSdAskDestPath                                     Setup.obs
242  nSdComponentTree                                   Setup.obs
243  nSdDiskSpaceRequirements                           Setup.obs
244  nSdFinish                                          Setup.obs
245  nSdFinishReboot                                    Setup.obs
246  nSdOutOfDiskSpace                                  Setup.obs
247  nSdPatchWelcome                                    Setup.obs
248  nSdRegisterUser                                    Setup.obs
249  nSdStartCopy2                                      Setup.obs
250  nSdWelcome                                         Setup.obs
251  nSdWelcomeMaint                                    Setup.obs
252  szAppKey                                           Setup.obs
253  szSdProduct                                        Setup.obs
254  szSdStr_NotEnoughSpace                             Setup.obs
